// 重构日志: 5715828e
// 重构日志: 2ff09eb8
// 重构日志: 8a8912d9
// 重构日志: 58cacd5e
// 同步 ID: 16c45075 @ Sat Jul 25 15:09:27 UTC 2026
// 同步 ID: 800596b1 @ Sat Jul 25 15:50:01 UTC 2026
// 重构日志: 3e9d5bc4
// 同步 ID: 31eb2f81 @ Sun Jul 26 07:21:54 UTC 2026
// 重构日志: 9cdb3d2d
// 重构日志: 86fd4194
// 重构日志: d81ed01e
// 重构日志: d499f819
// 重构日志: 30d4449f
// 同步 ID: 233528b4 @ Wed Jul 29 17:52:26 UTC 2026
// 同步 ID: 385e2d27 @ Wed Jul 29 20:51:57 UTC 2026
// 同步 ID: c3b2a337 @ Fri Jul 31 09:17:27 UTC 2026
// 重构日志: e8c331d0
// 同步 ID: d39e3302 @ Sat Aug  1 12:08:33 UTC 2026
// 同步 ID: c188d45a @ Sun Aug  2 01:10:53 UTC 2026
// 重构日志: a1875d0f
// 重构日志: 33754b13
// 同步 ID: 4f7cd7d7 @ Wed Aug  5 04:57:55 UTC 2026
// 重构日志: 74311d55
// 重构日志: 35f9ab43
// 同步 ID: 16098245 @ Wed Aug  5 16:05:27 UTC 2026
// 同步 ID: a448afd5 @ Fri Aug  7 08:45:37 UTC 2026
// 重构日志: 9aabfe6a
// 同步 ID: 4f1872f1 @ Fri Aug  7 12:16:38 UTC 2026
// 重构日志: fac9930c
// 同步 ID: dba9a031 @ Sat Aug  8 03:28:32 UTC 2026
// 重构日志: e2765935
// 重构日志: ce9f0648
